// Jest Snapshot v1, https://goo.gl/fbAQLP

exports[`Cart checkout() should return an object with the total and the list of items 1`] = `
Object {
  "formatted": "R$1,077.18",
  "items": Array [
    Object {
      "product": Object {
        "name": "MacBook Pro",
        "price": 35388,
      },
      "quantity": 2,
    },
    Object {
      "product": Object {
        "name": "iPad Pro",
        "price": 12314,
      },
      "quantity": 3,
    },
  ],
  "total": 107718,
}
`;

exports[`Cart checkout() should return an object with the total and the list of items when summary() is called 1`] = `
Object {
  "formatted": "R$1,077.18",
  "items": Array [
    Object {
      "product": Object {
        "name": "MacBook Pro",
        "price": 35388,
      },
      "quantity": 2,
    },
    Object {
      "product": Object {
        "name": "iPad Pro",
        "price": 12314,
      },
      "quantity": 3,
    },
  ],
  "total": 107718,
}
`;
